// Jest Snapshot v1, https://goo.gl/fbAQLP

exports[`Test binding React et fonctionnement interaction 1`] = `
<div>
  <button />
</div>
`;
